23 added to printer 14 with priority 17
85 added to printer 73 with priority 50
quota 90 set for 1
86 added to printer 68 with priority 36
quota 31 set for 0
quota 16 set for 32
30 added to printer 56 with priority 62
93 added to printer 32 with priority 5
no jobs in 70
quota 26 set for 39
no jobs in 98
98 added to printer 98 with priority 72
25 added to printer 79 with priority 38
quota 58 set for 36
59 added to printer 60 with priority 57
85 printed on printer 73
no jobs in 5
no jobs in 46
no jobs in 87
no jobs in 5
quota 63 set for 31
quota 63 set for 82
quota 61 set for 6
no jobs in 53
no jobs in 66
44 added to printer 68 with priority 24
35 added to printer 52 with priority 77
no jobs in 51
no jobs in 36
quota 92 set for 87
22 added to printer 81 with priority 92
no jobs in 76
no jobs in 1
no jobs in 8
no jobs in 16
no jobs in 67
no jobs in 1
95 added to printer 20 with priority 26
no jobs in 13
no jobs in 39
1 added to printer 29 with priority 85
no jobs in 77
58 added to printer 60 with priority 51
no jobs in 89
74 added to printer 50 with priority 42
30 dropped on printer 56
no jobs in 69
17 added to printer 76 with priority 23
1 added to printer 51 with priority 48
98 dropped on printer 98
no jobs in 7
no jobs in 75
37 added to printer 4 with priority 4
no jobs in 56
39 added to printer 57 with priority 97
quota 92 set for 7
no jobs in 48
44 dropped on printer 68
95 added to printer 52 with priority 43
44 added to printer 63 with priority 53
1 printed on printer 51
no jobs in 66
1 printed on printer 29
no jobs in 40
no jobs in 58
94 added to printer 79 with priority 26
no jobs in 83
35 added to printer 43 with priority 43
21 added to printer 60 with priority 63
7 added to printer 28 with priority 65
no jobs in 18
10 added to printer 98 with priority 69
24 added to printer 82 with priority 79
quota 65 set for 92
quota 59 set for 71
3 added to printer 80 with priority 6
no jobs in 49
no jobs in 74
no jobs in 90
no jobs in 91
quota 52 set for 19
quota 70 set for 63
no jobs in 91
quota 44 set for 16
quota 26 set for 33
no jobs in 71
no jobs in 70
no jobs in 78
quota 0 set for 10
74 printed on printer 50
quota 90 set for 24
no jobs in 77
no jobs in 77
quota 87 set for 78
no jobs in 2
quota 42 set for 16
quota 58 set for 9
43 added to printer 39 with priority 19
quota 41 set for 33
no jobs in 66
