12 added to printer 99 with priority 39
no jobs in 29
quota 68 set for 49
0 added to printer 85 with priority 48
quota 52 set for 74
quota 86 set for 93
no jobs in 17
quota 72 set for 63
quota 99 set for 54
no jobs in 88
no jobs in 19
78 added to printer 51 with priority 59
quota 40 set for 56
quota 41 set for 44
no jobs in 41
no jobs in 23
quota 56 set for 64
no jobs in 2
no jobs in 97
no jobs in 79
89 added to printer 18 with priority 30
no jobs in 71
quota 82 set for 23
no jobs in 93
no jobs in 40
no jobs in 35
no jobs in 27
36 added to printer 14 with priority 69
no jobs in 62
no jobs in 24
no jobs in 76
no jobs in 91
61 added to printer 93 with priority 3
22 added to printer 67 with priority 56
no jobs in 38
no jobs in 70
69 added to printer 18 with priority 63
quota 53 set for 45
quota 89 set for 14
no jobs in 0
quota 25 set for 24
no jobs in 2
no jobs in 62
no jobs in 20
quota 3 set for 16
no jobs in 59
no jobs in 98
quota 26 set for 21
quota 95 set for 36
no jobs in 52
quota 97 set for 89
no jobs in 63
30 added to printer 70 with priority 40
no jobs in 63
14 added to printer 34 with priority 77
no jobs in 95
quota 55 set for 86
38 added to printer 97 with priority 85
58 added to printer 12 with priority 31
no jobs in 82
83 added to printer 58 with priority 31
quota 95 set for 2
no jobs in 87
50 added to printer 48 with priority 51
28 added to printer 55 with priority 82
no jobs in 71
no jobs in 62
no jobs in 0
no jobs in 21
quota 57 set for 52
quota 3 set for 86
quota 86 set for 18
1879048192 printed on printer 51
quota 10 set for 46
34 added to printer 3 with priority 97
no jobs in 65
17 added to printer 59 with priority 72
quota 82 set for 73
35 added to printer 85 with priority 24
33 added to printer 37 with priority 37
76 added to printer 74 with priority 86
no jobs in 94
quota 59 set for 4
11 added to printer 21 with priority 90
no jobs in 25
no jobs in 51
no jobs in 11
no jobs in 36
quota 88 set for 0
12 added to printer 36 with priority 86
no jobs in 75
quota 34 set for 51
9 added to printer 58 with priority 97
no jobs in 56
no jobs in 10
4 added to printer 35 with priority 83
0 dropped on printer 74
no jobs in 77
quota 52 set for 13
no jobs in 40
