12 added to printer 2 with priority 65
no jobs in 3
-18 added to printer 1 with priority 21
90 added to printer 5 with priority 68
17 added to printer 5 with priority 47
quota 1 set for 2
90 printed on printer 5
12 dropped on printer 2
14 added to printer 2 with priority -5
quota 12 set for 3
-18 dropped on printer 1
